src/components/NPCDialogue.tsx(21,1): error TS6133: 'NPC' is declared but its value is never read.
src/components/PickupSelectionModal.tsx(24,1): error TS6133: 'Room' is declared but its value is never read.
src/components/PlayerNameCapture.tsx(20,51): error TS6133: 'useRef' is declared but its value is never read.
src/components/PlayerNameCapture.tsx(22,1): error TS6133: 'NPC' is declared but its value is never read.
src/components/PlayerStatsPanel.tsx(24,23): error TS6133: 'Trophy' is declared but its value is never read.
src/components/PuzzleInterface.tsx(20,27): error TS6133: 'useEffect' is declared but its value is never read.
src/components/PuzzleInterface.tsx(20,38): error TS6133: 'useCallback' is declared but its value is never read.
src/components/PuzzleInterface.tsx(28,3): error TS6133: 'Star' is declared but its value is never read.
src/components/QuickActionsPanel.tsx(24,96): error TS6133: 'Wrench' is declared but its value is never read.
src/components/RavenInteraction.tsx(141,10): error TS6133: 'showPlayerEntry' is declared but its value is never read.
src/components/RoomRenderer.tsx(22,56): error TS6133: 'Diamond' is declared but its value is never read.
src/components/RoomRenderer.tsx(22,65): error TS6133: 'Compass' is declared but its value is never read.
src/components/RoomRenderer.tsx(22,74): error TS6133: 'Eye' is declared but its value is never read.
src/components/RoomRenderer.tsx(25,10): error TS6133: 'Room' is declared but its value is never read.
src/components/RoomRenderer.tsx(25,25): error TS6133: 'RoomItem' is declared but its value is never read.
src/components/RoomRenderer.tsx(55,7): error TS6133: 'NpcDisplay' is declared but its value is never read.
src/components/RoomRenderer.tsx(74,10): error TS6133: 'looked' is declared but its value is never read.
src/components/RoomRenderer.tsx(156,9): error TS6133: 'hasExtraDetails' is declared but its value is never read.
src/components/TeleportationMenu.tsx(24,1): error TS6133: 'Room' is declared but its value is never read.
src/components/TerminalConsole.tsx(22,1): error TS6133: 'FlagMap' is declared but its value is never read.
src/components/ToastPanel.tsx(20,8): error TS6133: 'React' is declared but its value is never read.
src/components/TrapManagementModal.tsx(7,10): error TS6133: 'X' is declared but its value is never read.
src/components/TrapManagementModal.tsx(7,13): error TS6133: 'AlertTriangle' is declared but its value is never read.
src/components/TrapManagementModal.tsx(7,43): error TS6133: 'Zap' is declared but its value is never read.
src/components/TravelMenu.tsx(28,1): error TS6133: 'Room' is declared but its value is never read.
src/components/TravelMenu.tsx(119,9): error TS6133: 'game' is declared but its value is never read.
src/engine/ambientAudioPlayer.ts(20,7): error TS6133: 'audioCache' is declared but its value is never read.
src/engine/blueButtonLogic.ts(21,1): error TS6133: 'useGameState' is declared but its value is never read.
src/engine/commandParser.ts(20,1): error TS6133: 'NPC' is declared but its value is never read.
src/engine/commandParser.ts(23,1): error TS6133: 'MiniquestEngine' is declared but its value is never read.
src/engine/commandParser.ts(24,1): error TS6192: All imports in import declaration are unused.
src/engine/commandParser.ts(25,1): error TS6192: All imports in import declaration are unused.
src/engine/commandParser.ts(26,1): error TS6192: All imports in import declaration are unused.
src/engine/commandParser.ts(27,1): error TS6133: 'isLibrarianActive' is declared but its value is never read.
src/engine/commandParser.ts(461,39): error TS6133: 'gameState' is declared but its value is never read.
src/engine/deathEngine.ts(344,3): error TS6133: 'context' is declared but its value is never read.
src/engine/deathEngine.ts(386,3): error TS6133: 'playerState' is declared but its value is never read.
src/engine/deathEngine.ts(457,3): error TS6133: 'context' is declared but its value is never read.
src/engine/deathEngine.ts(516,3): error TS6133: 'deathStats' is declared but its value is never read.
src/engine/deathEngine.ts(546,3): error TS6133: 'playerState' is declared but its value is never read.
src/engine/debugCommands.ts(30,15): error TS6133: 'gameState' is declared but its value is never read.
src/engine/debugCommands.ts(47,15): error TS6133: 'gameState' is declared but its value is never read.
src/engine/debugCommands.ts(90,15): error TS6133: 'gameState' is declared but its value is never read.
src/engine/dialogueEngine.ts(20,1): error TS6133: 'NPC' is declared but its value is never read.
src/engine/dialogueEngine.ts(546,40): error TS6133: 'state' is declared but its value is never read.
src/engine/dialogueEngine.ts(561,43): error TS6133: 'state' is declared but its value is never read.
src/engine/dialogueUtils.ts(20,1): error TS6133: 'NPC' is declared but its value is never read.
src/engine/dialogueUtils.ts(24,3): error TS6133: 'DialogueEffect' is declared but its value is never read.
src/engine/dialogueUtils.ts(228,3): error TS6133: 'playerState' is declared but its value is never read.
src/engine/dialogueUtils.ts(270,3): error TS6133: 'npc' is declared but its value is never read.
src/engine/dominicLogic.ts(22,1): error TS6133: 'dispatch' is declared but its value is never read.
src/engine/dynamicEncounterEngine.ts(23,1): error TS6133: 'NPC' is declared but its value is never read.
src/engine/dynamicEncounterEngine.ts(24,1): error TS6133: 'Room' is declared but its value is never read.
src/engine/dynamicEncounterEngine.ts(149,5): error TS6133: 'gameState' is declared but its value is never read.
src/engine/dynamicEncounterEngine.ts(324,54): error TS6133: 'participants' is declared but its value is never read.
src/engine/GameOverHandler.ts(20,26): error TS6133: 'clearInventory' is declared but its value is never read.
src/engine/GameStateManager.ts(72,15): error TS6133: 'isOver' is declared but its value is never read.
src/engine/inventory.ts(131,7): error TS6133: 'ITEM_DATABASE' is declared but its value is never read.
src/engine/inventory.ts(437,41): error TS6133: 'context' is declared but its value is never read.
src/engine/inventory.ts(613,46): error TS6133: 'context' is declared but its value is never read.
src/engine/itemEngine.ts(20,1): error TS6133: 'Room' is declared but its value is never read.
src/engine/itemEngine.ts(21,36): error TS6133: 'Item' is declared but its value is never read.
src/engine/itemEngine.ts(166,40): error TS6133: 'context' is declared but its value is never read.
src/engine/itemEngine.ts(368,10): error TS6133: 'createSeededRandom' is declared but its value is never read.
src/engine/items.ts(660,7): error TS6133: 'ITEM_TRANSFORMATIONS' is declared but its value is never read.
src/engine/items.ts(862,3): error TS6133: 'playerState' is declared but its value is never read.
src/engine/librarianController.ts(22,1): error TS6133: 'NPC' is declared but its value is never read.
src/engine/librarianController.ts(75,3): error TS6133: 'gameState' is declared but its value is never read.
src/engine/librarianController.ts(171,3): error TS6133: 'gameState' is declared but its value is never read.
src/engine/librarianController.ts(333,3): error TS6133: 'gameState' is declared but its value is never read.
src/engine/librarianController.ts(413,3): error TS6133: 'gameState' is declared but its value is never read.
src/engine/miniquestCommands.ts(26,1): error TS6133: 'Miniquest' is declared but its value is never read.
src/engine/miniquestController.ts(20,15): error TS6196: 'Miniquest' is declared but never used.
src/engine/miniquestEngine.ts(22,59): error TS6196: 'MiniquestProgress' is declared but never used.
src/engine/miniquestEngine.ts(136,59): error TS6133: 'gameState' is declared but its value is never read.
src/engine/miniquestEngine.ts(169,39): error TS6133: 'roomId' is declared but its value is never read.
src/engine/miniquestEngine.ts(169,55): error TS6133: 'gameState' is declared but its value is never read.
src/engine/miniquestInitializer.ts(20,1): error TS6133: 'MiniquestTracker' is declared but its value is never read.
src/engine/miniquestInitializer.ts(26,1): error TS6133: 'Miniquest' is declared but its value is never read.
src/engine/mrWendellController.ts(22,1): error TS6133: 'NPC' is declared but its value is never read.
src/engine/mrWendellController.ts(23,1): error TS6133: 'PlayerState' is declared but its value is never read.
src/engine/mrWendellController.ts(168,3): error TS6133: 'gameState' is declared but its value is never read.
src/engine/mrWendellController.ts(339,34): error TS6133: 'newRoom' is declared but its value is never read.
src/engine/npcIdleLines.ts(20,1): error TS6133: 'NPC' is declared but its value is never read.
src/engine/npcIdleLines.ts(533,10): error TS6133: 'selectWeightedLine' is declared but its value is never read.
src/engine/npcIntervention.ts(772,10): error TS6133: 'getPlayerReputation' is declared but its value is never read.
src/engine/npcMemory.ts(23,1): error TS6133: 'NPC' is declared but its value is never read.
src/engine/npcSpawner.ts(24,1): error TS6133: 'NPC' is declared but its value is never read.
src/engine/npcSpawner.ts(257,5): error TS6133: 'globalDispatch' is declared but its value is never read.
src/engine/npcSpawner.ts(386,3): error TS6133: 'playerState' is declared but its value is never read.
src/engine/npcSpawner.ts(409,3): error TS6133: 'npcStates' is declared but its value is never read.
src/engine/npcSpawner.ts(454,3): error TS6133: 'playerState' is declared but its value is never read.
src/engine/PlayerState.ts(20,1): error TS6133: 'NPC' is declared but its value is never read.
src/engine/puzzleCommands.ts(26,1): error TS6133: 'Puzzle' is declared but its value is never read.
src/engine/puzzleController.ts(24,1): error TS6192: All imports in import declaration are unused.
src/engine/puzzleController.ts(54,11): error TS6133: 'currentPuzzle' is declared but its value is never read.
src/engine/puzzleEngine.ts(22,1): error TS6133: 'Puzzle' is declared but its value is never read.
src/engine/puzzleEngine.ts(24,22): error TS6133: 'PuzzleComponent' is declared but its value is never read.
src/engine/resetEngine.ts(21,1): error TS6133: 'NPC' is declared but its value is never read.
src/engine/resetEngine.ts(120,10): error TS6133: 'createGameStateHash' is declared but its value is never read.
src/engine/RoomEngine.ts(20,1): error TS6133: 'handlePlayerDeath' is declared but its value is never read.
src/engine/RoomEngine.ts(21,1): error TS6133: 'NPC' is declared but its value is never read.
src/engine/RoomEngine.ts(26,46): error TS6133: 'gameState' is declared but its value is never read.
src/engine/sceneEngine.ts(464,22): error TS6138: Property 'executionHistory' is declared but its value is never read.
src/engine/sceneEngine.ts(467,11): error TS6133: 'checkDependencies' is declared but its value is never read.
src/engine/sceneEngine.ts(593,11): error TS6133: 'checkConditions' is declared but its value is never read.
src/engine/sceneEngine.ts(1060,10): error TS6133: 'getSceneWithCache' is declared but its value is never read.
src/engine/sceneEngine.ts(1401,10): error TS6133: 'displaySceneChoices' is declared but its value is never read.
src/engine/storyProgress.ts(659,10): error TS6133: 'validateCategory' is declared but its value is never read.
src/engine/storyProgress.ts(680,46): error TS6133: 'dependencies' is declared but its value is never read.
src/engine/storyProgress.ts(783,15): error TS6133: 'flag' is declared but its value is never read.
src/engine/storyProgress.ts(898,11): error TS6196: 'FlagSystemBridge' is declared but never used.
src/engine/storyProgress.ts(904,7): error TS6196: 'DependencyGraph' is declared but never used.
src/engine/storyProgress.ts(905,27): error TS6133: 'flag' is declared but its value is never read.
src/engine/storyProgress.ts(905,41): error TS6133: 'deps' is declared but its value is never read.
src/engine/storyProgress.ts(922,11): error TS6196: 'FlagAnalytics' is declared but never used.
src/engine/trapEngine.ts(653,3): error TS6133: 'roomId' is declared but its value is never read.
src/engine/trapEngine.ts(698,3): error TS6133: 'roomId' is declared but its value is never read.
src/engine/trapEngine.ts(902,10): error TS6133: 'getWeightedRandom' is declared but its value is never read.
src/engine/VisualEffectsManager.ts(360,11): error TS6133: 'isEffectPersistent' is declared but its value is never read.
src/hooks/useNPCController.ts(34,9): error TS6133: 'setTimer' is declared but its value is never read.
src/hooks/useNPCController.ts(43,9): error TS6133: 'systemFlags' is declared but its value is never read.
src/npc/accessibilityProvider.ts(176,11): error TS6133: 'originalAnimationSpeed' is declared but its value is never read.
src/npc/allianceMemory.ts(21,1): error TS6133: 'getGameState' is declared but its value is never read.
src/npc/ayla/aylaResponder.ts(154,45): error TS6133: 'state' is declared but its value is never read.
src/npc/ayla/enhancedCapabilities.ts(29,11): error TS6133: 'conversationMemory' is declared but its value is never read.
src/npc/ayla/enhancedCapabilities.ts(188,56): error TS6133: 'context' is declared but its value is never read.
src/npc/ayla/enhancedCapabilities.ts(205,60): error TS6133: 'context' is declared but its value is never read.
src/npc/ayla/enhancedCapabilities.ts(222,53): error TS6133: 'context' is declared but its value is never read.
src/npc/ayla/enhancedCapabilities.ts(252,32): error TS6133: 'currentRoom' is declared but its value is never read.
src/npc/ayla/enhancedCapabilities.ts(252,53): error TS6133: 'context' is declared but its value is never read.
src/npc/ayla/enhancedCapabilities.ts(265,57): error TS6133: 'context' is declared but its value is never read.
src/npc/ayla/enhancedCapabilities.ts(371,3): error TS6133: 'dispatch' is declared but its value is never read.
src/npc/ayla/personality.ts(160,9): error TS6133: 'style' is declared but its value is never read.
src/npc/controlRoomEncounter.ts(196,5): error TS6133: 'context' is declared but its value is never read.
src/npc/controlRoomEncounter.ts(337,96): error TS6133: 'context' is declared but its value is never read.
src/npc/controlRoomEncounter.ts(457,106): error TS6133: 'context' is declared but its value is never read.
src/npc/controlRoomEncounter.ts(542,75): error TS6133: 'memories' is declared but its value is never read.
src/npc/controlRoomEncounter.ts(542,103): error TS6133: 'context' is declared but its value is never read.
src/npc/controlRoomEncounter.ts(599,70): error TS6133: 'context' is declared but its value is never read.
src/npc/conversation.ts(258,66): error TS6133: 'persona' is declared but its value is never read.
src/npc/conversationBus.ts(24,10): error TS6133: 'getNPCMemory' is declared but its value is never read.
src/npc/groupChatLogic.ts(249,11): error TS6133: 'ctx' is declared but its value is never read.
src/npc/intent.ts(198,15): error TS6133: 'category' is declared but its value is never read.
src/npc/movePolicy.ts(348,22): error TS6133: 'fromRoom' is declared but its value is never read.
src/npc/proactive.ts(90,9): error TS6133: 'persona' is declared but its value is never read.
src/npc/proactive.ts(193,57): error TS6133: 'memory' is declared but its value is never read.
src/npc/proactive.ts(241,56): error TS6133: 'memory' is declared but its value is never read.
src/npc/proactive.ts(263,59): error TS6133: 'memory' is declared but its value is never read.
src/npc/style.ts(76,3): error TS6133: 'context' is declared but its value is never read.
src/npc/triggers.ts(123,86): error TS6133: 'oldRoomId' is declared but its value is never read.
src/npc/wanderScheduler.ts(68,11): error TS6133: 'rng' is declared but its value is never read.
src/npcs/npcMemory.ts(158,58): error TS6133: 'state' is declared but its value is never read.
src/puzzles/zspecLibrarianGate.ts(27,7): error TS6133: 'correctAnswers' is declared but its value is never read.
src/rooms/glitchrealm/RavenChamberRoom.tsx(28,60): error TS6133: 'roomId' is declared but its value is never read.
src/services/unifiedAI.ts(361,17): error TS6133: 'generateDynamicContent' is declared but its value is never read.
src/services/unifiedAI.ts(384,11): error TS6133: 'shouldTriggerDynamicContent' is declared but its value is never read.
src/services/unifiedAI.ts(398,17): error TS6133: 'createNewDynamicContent' is declared but its value is never read.
